# daily notes on web dev activities

# daily routine
# in serve shell
-- cd ~/Documents/2025/web-dev/model_00
-- bundle exec jekyll serve
-- browse http://localhost:4000/ to verify that all worked

# in rclone shell
-- save 2025 to G Drive as usual

# use zed console for git or could use a 3rd shell or could use git panel for simple commits
-- git add .
-- git commit
-- git commit -a # does both
-- git status
-- git log

# Friday October 24, 2025;
-- goals: add photo of building, move posts out of home to blog page, address, phone, ?
-- added building entrance photo to home page
-- added new blog layout as follows
-- copied layouts from /.rvm/gems/ruby-3.4.5/gems/minima-2.5.2/_layouts/
-- copied the posts code from _layouts/home.html to */blog.html (a new layout)
-- marked existing posts as published: false
-- added start of welcome to new website post
-- blog page seems to work as expected
-- removed post logic from layout/home.html
-- works as expected
-- copied includes/footer.html to local _includes
-- added address, phone to _config.yml and footer.html

# Thursday October 23, 2025; having initiated basic jekyll site, have set up git, now add a file
-- added sermons.markdown, works as expect (but is slow)
-- used console, git add ., git commit

# Thursday October 23, 2025; having initiated basic jekyll site, now set up git
-- added __web-dev.txt, mobile-first.ods to basic site
-- put both in exclude:
-- site still looks like original
-- https://git-scm.com/docs/user-manual#Developing-With-git
-- cd ~/Documents/2025/web-dev/model_00/
-- git init
[doug@doug-xps159510 model_00]$ git init
hint: Using 'master' as the name for the initial branch. This default branch name
hint: is subject to change. To configure the initial branch name to use in all
hint: of your new repositories, which will suppress this warning, call:
hint:
hint: 	git config --global init.defaultBranch <name>
hint:
hint: Names commonly chosen instead of 'master' are 'main', 'trunk' and
hint: 'development'. The just-created branch can be renamed via this command:
hint:
hint: 	git branch -m <name>
hint:
hint: Disable this message with "git config set advice.defaultBranchName false"
Initialized empty Git repository in /home/doug/Documents/2025/web-dev/model_00/.git/
[doug@doug-xps159510 model_00]$
-- that added 80 KB, 18 files, 9 folders
-- git commit
[doug@doug-xps159510 model_00]$ git commit
On branch master

Initial commit

Untracked files:
  (use "git add <file>..." to include in what will be committed)
	.gitignore
	404.html
	Gemfile
	Gemfile.lock
	__web-dev.txt
	_config.yml
	_posts/
	about.markdown
	index.markdown
	mobile-first.ods

nothing added to commit but untracked files present (use "git add" to track)
[doug@doug-xps159510 model_00]$
-- skipped add
[doug@doug-xps159510 model_00]$ git add .
[doug@doug-xps159510 model_00]$ git commit
[master (root-commit) 671b734] Jeykyll shortly after jekyll new model_00
 10 files changed, 415 insertions(+)
 create mode 100644 .gitignore
 create mode 100644 404.html
 create mode 100644 Gemfile
 create mode 100644 Gemfile.lock
 create mode 100644 __web-dev.txt
 create mode 100644 _config.yml
 create mode 100644 _posts/2025-10-23-welcome-to-jekyll.markdown
 create mode 100644 about.markdown
 create mode 100644 index.markdown
 create mode 100644 mobile-first.ods
[doug@doug-xps159510 model_00]$
-- now model_00 uses 372 KB, 66 files, 51 folders

# Thursday October 23, 2025; initiate basic jekyll site
-- need to capture changes via git so restart Jekyll
-- so follow jekyllrb.com quick start
-- already have local jekyll so skip first step (gem install bundler jekyll)
-- I'll call this site model_00
-- cd ~/Documents/2025/web-dev
-- jekyll new model_00
Running bundle install in /home/doug/Documents/2025/web-dev/model_00...
  Bundler: Fetching gem metadata from https://rubygems.org/...........
  Bundler: Resolving dependencies...
  Bundler: Fetching bigdecimal 3.3.1
  Bundler: Fetching json 2.15.1
  Bundler: Fetching rexml 3.4.4
  Bundler: Fetching rouge 4.6.1
  Bundler: Installing bigdecimal 3.3.1 with native extensions
  Bundler: Installing json 2.15.1 with native extensions
  Bundler: Installing rexml 3.4.4
  Bundler: Installing rouge 4.6.1
  Bundler: Fetching google-protobuf 4.33.0 (x86_64-linux-gnu)
  Bundler: Installing google-protobuf 4.33.0 (x86_64-linux-gnu)
  Bundler: Fetching sass-embedded 1.93.2 (x86_64-linux-gnu)
  Bundler: Installing sass-embedded 1.93.2 (x86_64-linux-gnu)
  Bundler: Bundle complete! 7 Gemfile dependencies, 38 gems now installed.
  Bundler: Use `bundle info [gemname]` to see where a bundled gem is installed.
New jekyll site installed in /home/doug/Documents/2025/web-dev/model_00.
-- bundle exec jekyll serve
-- /home/doug/Documents/2025/web-dev uses 160 KB, 27 files, 26 folders
--


















-- trailer to compensate for android display loss
